------------------------------------------------------------
Timing Analyzer Summary
------------------------------------------------------------

Type  : Slow 1200mV 85C Model Setup 'StateMachine:state_machine0|present_state_signal.st25'
Slack : -6.382
TNS   : -20.487

Type  : Slow 1200mV 85C Model Setup 'Clock:clock0|clk_1s_reg'
Slack : -5.246
TNS   : -22.182

Type  : Slow 1200mV 85C Model Setup 'CLOCK_50'
Slack : -2.743
TNS   : -46.916

Type  : Slow 1200mV 85C Model Hold 'StateMachine:state_machine0|present_state_signal.st25'
Slack : 0.092
TNS   : 0.000

Type  : Slow 1200mV 85C Model Hold 'CLOCK_50'
Slack : 0.409
TNS   : 0.000

Type  : Slow 1200mV 85C Model Hold 'Clock:clock0|clk_1s_reg'
Slack : 0.620
TNS   : 0.000

Type  : Slow 1200mV 85C Model Minimum Pulse Width 'CLOCK_50'
Slack : -3.000
TNS   : -49.299

Type  : Slow 1200mV 85C Model Minimum Pulse Width 'Clock:clock0|clk_1s_reg'
Slack : -1.403
TNS   : -14.030

Type  : Slow 1200mV 85C Model Minimum Pulse Width 'StateMachine:state_machine0|present_state_signal.st25'
Slack : 0.449
TNS   : 0.000

Type  : Slow 1200mV 0C Model Setup 'StateMachine:state_machine0|present_state_signal.st25'
Slack : -5.963
TNS   : -18.287

Type  : Slow 1200mV 0C Model Setup 'Clock:clock0|clk_1s_reg'
Slack : -4.898
TNS   : -19.704

Type  : Slow 1200mV 0C Model Setup 'CLOCK_50'
Slack : -2.442
TNS   : -39.927

Type  : Slow 1200mV 0C Model Hold 'StateMachine:state_machine0|present_state_signal.st25'
Slack : 0.127
TNS   : 0.000

Type  : Slow 1200mV 0C Model Hold 'CLOCK_50'
Slack : 0.377
TNS   : 0.000

Type  : Slow 1200mV 0C Model Hold 'Clock:clock0|clk_1s_reg'
Slack : 0.572
TNS   : 0.000

Type  : Slow 1200mV 0C Model Minimum Pulse Width 'CLOCK_50'
Slack : -3.000
TNS   : -49.299

Type  : Slow 1200mV 0C Model Minimum Pulse Width 'Clock:clock0|clk_1s_reg'
Slack : -1.403
TNS   : -14.030

Type  : Slow 1200mV 0C Model Minimum Pulse Width 'StateMachine:state_machine0|present_state_signal.st25'
Slack : 0.449
TNS   : 0.000

Type  : Fast 1200mV 0C Model Setup 'StateMachine:state_machine0|present_state_signal.st25'
Slack : -2.773
TNS   : -6.945

Type  : Fast 1200mV 0C Model Setup 'Clock:clock0|clk_1s_reg'
Slack : -1.838
TNS   : -6.260

Type  : Fast 1200mV 0C Model Setup 'CLOCK_50'
Slack : -0.655
TNS   : -5.199

Type  : Fast 1200mV 0C Model Hold 'CLOCK_50'
Slack : 0.163
TNS   : 0.000

Type  : Fast 1200mV 0C Model Hold 'Clock:clock0|clk_1s_reg'
Slack : 0.237
TNS   : 0.000

Type  : Fast 1200mV 0C Model Hold 'StateMachine:state_machine0|present_state_signal.st25'
Slack : 0.356
TNS   : 0.000

Type  : Fast 1200mV 0C Model Minimum Pulse Width 'CLOCK_50'
Slack : -3.000
TNS   : -37.293

Type  : Fast 1200mV 0C Model Minimum Pulse Width 'Clock:clock0|clk_1s_reg'
Slack : -1.000
TNS   : -10.000

Type  : Fast 1200mV 0C Model Minimum Pulse Width 'StateMachine:state_machine0|present_state_signal.st25'
Slack : 0.376
TNS   : 0.000

------------------------------------------------------------
