------------------------------------------------------------
Timing Analyzer Summary
------------------------------------------------------------

Type  : Slow 1200mV 85C Model Setup 'Clock:clock0|clk_out_interno'
Slack : -1.738
TNS   : -10.720

Type  : Slow 1200mV 85C Model Setup 'StateMachine:state_machine0|present_state.st0'
Slack : -1.717
TNS   : -4.528

Type  : Slow 1200mV 85C Model Setup 'CLOCK_50'
Slack : -0.960
TNS   : -0.960

Type  : Slow 1200mV 85C Model Hold 'Clock:clock0|clk_out_interno'
Slack : 0.378
TNS   : 0.000

Type  : Slow 1200mV 85C Model Hold 'CLOCK_50'
Slack : 0.763
TNS   : 0.000

Type  : Slow 1200mV 85C Model Hold 'StateMachine:state_machine0|present_state.st0'
Slack : 0.975
TNS   : 0.000

Type  : Slow 1200mV 85C Model Minimum Pulse Width 'CLOCK_50'
Slack : -3.000
TNS   : -4.403

Type  : Slow 1200mV 85C Model Minimum Pulse Width 'Clock:clock0|clk_out_interno'
Slack : -1.403
TNS   : -14.030

Type  : Slow 1200mV 85C Model Minimum Pulse Width 'StateMachine:state_machine0|present_state.st0'
Slack : 0.373
TNS   : 0.000

Type  : Slow 1200mV 0C Model Setup 'StateMachine:state_machine0|present_state.st0'
Slack : -1.587
TNS   : -4.184

Type  : Slow 1200mV 0C Model Setup 'Clock:clock0|clk_out_interno'
Slack : -1.460
TNS   : -9.177

Type  : Slow 1200mV 0C Model Setup 'CLOCK_50'
Slack : -0.820
TNS   : -0.820

Type  : Slow 1200mV 0C Model Hold 'Clock:clock0|clk_out_interno'
Slack : 0.339
TNS   : 0.000

Type  : Slow 1200mV 0C Model Hold 'CLOCK_50'
Slack : 0.671
TNS   : 0.000

Type  : Slow 1200mV 0C Model Hold 'StateMachine:state_machine0|present_state.st0'
Slack : 0.952
TNS   : 0.000

Type  : Slow 1200mV 0C Model Minimum Pulse Width 'CLOCK_50'
Slack : -3.000
TNS   : -4.403

Type  : Slow 1200mV 0C Model Minimum Pulse Width 'Clock:clock0|clk_out_interno'
Slack : -1.403
TNS   : -14.030

Type  : Slow 1200mV 0C Model Minimum Pulse Width 'StateMachine:state_machine0|present_state.st0'
Slack : 0.322
TNS   : 0.000

Type  : Fast 1200mV 0C Model Setup 'Clock:clock0|clk_out_interno'
Slack : -0.629
TNS   : -1.274

Type  : Fast 1200mV 0C Model Setup 'StateMachine:state_machine0|present_state.st0'
Slack : -0.115
TNS   : -0.115

Type  : Fast 1200mV 0C Model Setup 'CLOCK_50'
Slack : -0.054
TNS   : -0.054

Type  : Fast 1200mV 0C Model Hold 'Clock:clock0|clk_out_interno'
Slack : 0.166
TNS   : 0.000

Type  : Fast 1200mV 0C Model Hold 'CLOCK_50'
Slack : 0.227
TNS   : 0.000

Type  : Fast 1200mV 0C Model Hold 'StateMachine:state_machine0|present_state.st0'
Slack : 0.288
TNS   : 0.000

Type  : Fast 1200mV 0C Model Minimum Pulse Width 'CLOCK_50'
Slack : -3.000
TNS   : -4.000

Type  : Fast 1200mV 0C Model Minimum Pulse Width 'Clock:clock0|clk_out_interno'
Slack : -1.000
TNS   : -10.000

Type  : Fast 1200mV 0C Model Minimum Pulse Width 'StateMachine:state_machine0|present_state.st0'
Slack : 0.428
TNS   : 0.000

------------------------------------------------------------
